I'm sorry, but errors were detected in your script. Please correct the
errors listed below, and try again.


File "game/options.rpy", line 206: invalid syntax
    init -2 python:
             ^

Ren'Py Version: Ren'Py 8.3.7.25031702
Sat May 16 11:26:58 2026
